------------------------------------------------------------
Timing Analyzer Summary
------------------------------------------------------------

Type  : Slow 1100mV 85C Model Setup 'clk'
Slack : -4.449
TNS   : -301.213

Type  : Slow 1100mV 85C Model Setup 'gen_pixclk:u_pix|clk_pix'
Slack : -2.637
TNS   : -45.967

Type  : Slow 1100mV 85C Model Hold 'clk'
Slack : 0.375
TNS   : 0.000

Type  : Slow 1100mV 85C Model Hold 'gen_pixclk:u_pix|clk_pix'
Slack : 0.599
TNS   : 0.000

Type  : Slow 1100mV 85C Model Recovery 'clk'
Slack : -1.158
TNS   : -55.373

Type  : Slow 1100mV 85C Model Removal 'clk'
Slack : 0.860
TNS   : 0.000

Type  : Slow 1100mV 85C Model Minimum Pulse Width 'clk'
Slack : -0.435
TNS   : -77.821

Type  : Slow 1100mV 85C Model Minimum Pulse Width 'gen_pixclk:u_pix|clk_pix'
Slack : -0.394
TNS   : -10.675

Type  : Slow 1100mV 0C Model Setup 'clk'
Slack : -4.442
TNS   : -294.006

Type  : Slow 1100mV 0C Model Setup 'gen_pixclk:u_pix|clk_pix'
Slack : -2.617
TNS   : -45.768

Type  : Slow 1100mV 0C Model Hold 'clk'
Slack : 0.388
TNS   : 0.000

Type  : Slow 1100mV 0C Model Hold 'gen_pixclk:u_pix|clk_pix'
Slack : 0.569
TNS   : 0.000

Type  : Slow 1100mV 0C Model Recovery 'clk'
Slack : -1.111
TNS   : -53.292

Type  : Slow 1100mV 0C Model Removal 'clk'
Slack : 0.806
TNS   : 0.000

Type  : Slow 1100mV 0C Model Minimum Pulse Width 'clk'
Slack : -0.457
TNS   : -83.554

Type  : Slow 1100mV 0C Model Minimum Pulse Width 'gen_pixclk:u_pix|clk_pix'
Slack : -0.394
TNS   : -10.540

Type  : Fast 1100mV 85C Model Setup 'clk'
Slack : -3.412
TNS   : -127.197

Type  : Fast 1100mV 85C Model Setup 'gen_pixclk:u_pix|clk_pix'
Slack : -1.159
TNS   : -19.999

Type  : Fast 1100mV 85C Model Hold 'clk'
Slack : 0.182
TNS   : 0.000

Type  : Fast 1100mV 85C Model Hold 'gen_pixclk:u_pix|clk_pix'
Slack : 0.321
TNS   : 0.000

Type  : Fast 1100mV 85C Model Recovery 'clk'
Slack : -0.253
TNS   : -9.626

Type  : Fast 1100mV 85C Model Removal 'clk'
Slack : 0.493
TNS   : 0.000

Type  : Fast 1100mV 85C Model Minimum Pulse Width 'clk'
Slack : -0.491
TNS   : -13.483

Type  : Fast 1100mV 85C Model Minimum Pulse Width 'gen_pixclk:u_pix|clk_pix'
Slack : 0.062
TNS   : 0.000

Type  : Fast 1100mV 0C Model Setup 'clk'
Slack : -2.863
TNS   : -107.143

Type  : Fast 1100mV 0C Model Setup 'gen_pixclk:u_pix|clk_pix'
Slack : -1.036
TNS   : -17.824

Type  : Fast 1100mV 0C Model Hold 'clk'
Slack : 0.172
TNS   : 0.000

Type  : Fast 1100mV 0C Model Hold 'gen_pixclk:u_pix|clk_pix'
Slack : 0.290
TNS   : 0.000

Type  : Fast 1100mV 0C Model Recovery 'clk'
Slack : -0.172
TNS   : -5.958

Type  : Fast 1100mV 0C Model Removal 'clk'
Slack : 0.447
TNS   : 0.000

Type  : Fast 1100mV 0C Model Minimum Pulse Width 'clk'
Slack : -0.482
TNS   : -13.272

Type  : Fast 1100mV 0C Model Minimum Pulse Width 'gen_pixclk:u_pix|clk_pix'
Slack : 0.087
TNS   : 0.000

------------------------------------------------------------
