Analysis & Elaboration report for Problema1_Lab3
Tue Sep 30 18:01:53 2025
Quartus Prime Version 22.1std.0 Build 915 10/25/2022 SC Lite Edition


---------------------
; Table of Contents ;
---------------------
  1. Legal Notice
  2. Analysis & Elaboration Summary
  3. Parallel Compilation
  4. Parameter Settings for User Entity Instance: gen_pixclk:u_pix
  5. Parameter Settings for User Entity Instance: vga_timing_640x480:u_ctrl
  6. Parameter Settings for User Entity Instance: tick_1hz:u_tick
  7. Analysis & Elaboration Settings
  8. Port Connectivity Checks: "fsm:u_fsm"
  9. Analysis & Elaboration Messages



----------------
; Legal Notice ;
----------------
Copyright (C) 2022  Intel Corporation. All rights reserved.
Your use of Intel Corporation's design tools, logic functions 
and other software and tools, and any partner logic 
functions, and any output files from any of the foregoing 
(including device programming or simulation files), and any 
associated documentation or information are expressly subject 
to the terms and conditions of the Intel Program License 
Subscription Agreement, the Intel Quartus Prime License Agreement,
the Intel FPGA IP License Agreement, or other applicable license
agreement, including, without limitation, that your use is for
the sole purpose of programming logic devices manufactured by
Intel and sold by Intel or its authorized distributors.  Please
refer to the applicable agreement for further details, at
https://fpgasoftware.intel.com/eula.



+--------------------------------------------------------------------------------+
; Analysis & Elaboration Summary                                                 ;
+-------------------------------+------------------------------------------------+
; Analysis & Elaboration Status ; Successful - Tue Sep 30 18:01:53 2025          ;
; Quartus Prime Version         ; 22.1std.0 Build 915 10/25/2022 SC Lite Edition ;
; Revision Name                 ; Problema1_Lab3                                 ;
; Top-level Entity Name         ; top_lab3_avance                                ;
; Family                        ; Cyclone V                                      ;
; Logic utilization (in ALMs)   ; N/A until Partition Merge                      ;
; Total registers               ; N/A until Partition Merge                      ;
; Total pins                    ; N/A until Partition Merge                      ;
; Total virtual pins            ; N/A until Partition Merge                      ;
; Total block memory bits       ; N/A until Partition Merge                      ;
; Total PLLs                    ; N/A until Partition Merge                      ;
; Total DLLs                    ; N/A until Partition Merge                      ;
+-------------------------------+------------------------------------------------+


+------------------------------------------+
; Parallel Compilation                     ;
+----------------------------+-------------+
; Processors                 ; Number      ;
+----------------------------+-------------+
; Number detected on machine ; 8           ;
; Maximum allowed            ; 4           ;
;                            ;             ;
; Average used               ; 1.00        ;
; Maximum used               ; 1           ;
;                            ;             ;
; Usage by Processor         ; % Time Used ;
;     Processor 1            ; 100.0%      ;
+----------------------------+-------------+


+---------------------------------------------------------------+
; Parameter Settings for User Entity Instance: gen_pixclk:u_pix ;
+----------------+----------+-----------------------------------+
; Parameter Name ; Value    ; Type                              ;
+----------------+----------+-----------------------------------+
; SYS_CLK_HZ     ; 50000000 ; Signed Integer                    ;
; PIX_CLK_HZ     ; 25000000 ; Signed Integer                    ;
+----------------+----------+-----------------------------------+
Note: In order to hide this table in the UI and the text report file, please set the "Show Parameter Settings in Synthesis Report" option in "Analysis and Synthesis Settings -> More Settings" to "Off".


+------------------------------------------------------------------------+
; Parameter Settings for User Entity Instance: vga_timing_640x480:u_ctrl ;
+----------------+------------+------------------------------------------+
; Parameter Name ; Value      ; Type                                     ;
+----------------+------------+------------------------------------------+
; HACTIVE        ; 1010000000 ; Unsigned Binary                          ;
; HFP            ; 0000010000 ; Unsigned Binary                          ;
; HSYN           ; 0001100000 ; Unsigned Binary                          ;
; HBP            ; 0000110000 ; Unsigned Binary                          ;
; HMAX           ; 1100100000 ; Unsigned Binary                          ;
; VACTIVE        ; 0111100000 ; Unsigned Binary                          ;
; VFP            ; 0000001010 ; Unsigned Binary                          ;
; VSYN           ; 0000000010 ; Unsigned Binary                          ;
; VBP            ; 0000100001 ; Unsigned Binary                          ;
; VMAX           ; 1000001101 ; Unsigned Binary                          ;
+----------------+------------+------------------------------------------+
Note: In order to hide this table in the UI and the text report file, please set the "Show Parameter Settings in Synthesis Report" option in "Analysis and Synthesis Settings -> More Settings" to "Off".


+--------------------------------------------------------------+
; Parameter Settings for User Entity Instance: tick_1hz:u_tick ;
+----------------+----------+----------------------------------+
; Parameter Name ; Value    ; Type                             ;
+----------------+----------+----------------------------------+
; SYS_CLK_HZ     ; 50000000 ; Signed Integer                   ;
+----------------+----------+----------------------------------+
Note: In order to hide this table in the UI and the text report file, please set the "Show Parameter Settings in Synthesis Report" option in "Analysis and Synthesis Settings -> More Settings" to "Off".


+---------------------------------------------------------------------------------------------------------------------------+
; Analysis & Elaboration Settings                                                                                           ;
+---------------------------------------------------------------------------------+--------------------+--------------------+
; Option                                                                          ; Setting            ; Default Value      ;
+---------------------------------------------------------------------------------+--------------------+--------------------+
; Device                                                                          ; 5CSXFC6D6F31C6     ;                    ;
; Top-level entity name                                                           ; top_lab3_avance    ; Problema1_Lab3     ;
; Family name                                                                     ; Cyclone V          ; Cyclone V          ;
; Use smart compilation                                                           ; Off                ; Off                ;
; Enable parallel Assembler and Timing Analyzer during compilation                ; On                 ; On                 ;
; Enable compact report table                                                     ; Off                ; Off                ;
; Restructure Multiplexers                                                        ; Auto               ; Auto               ;
; MLAB Add Timing Constraints For Mixed-Port Feed-Through Mode Setting Don't Care ; Off                ; Off                ;
; Create Debugging Nodes for IP Cores                                             ; Off                ; Off                ;
; Preserve fewer node names                                                       ; On                 ; On                 ;
; Intel FPGA IP Evaluation Mode                                                   ; Enable             ; Enable             ;
; Verilog Version                                                                 ; Verilog_2001       ; Verilog_2001       ;
; VHDL Version                                                                    ; VHDL_1993          ; VHDL_1993          ;
; State Machine Processing                                                        ; Auto               ; Auto               ;
; Safe State Machine                                                              ; Off                ; Off                ;
; Extract Verilog State Machines                                                  ; On                 ; On                 ;
; Extract VHDL State Machines                                                     ; On                 ; On                 ;
; Ignore Verilog initial constructs                                               ; Off                ; Off                ;
; Iteration limit for constant Verilog loops                                      ; 5000               ; 5000               ;
; Iteration limit for non-constant Verilog loops                                  ; 250                ; 250                ;
; Add Pass-Through Logic to Inferred RAMs                                         ; On                 ; On                 ;
; Infer RAMs from Raw Logic                                                       ; On                 ; On                 ;
; Parallel Synthesis                                                              ; On                 ; On                 ;
; DSP Block Balancing                                                             ; Auto               ; Auto               ;
; NOT Gate Push-Back                                                              ; On                 ; On                 ;
; Power-Up Don't Care                                                             ; On                 ; On                 ;
; Remove Redundant Logic Cells                                                    ; Off                ; Off                ;
; Remove Duplicate Registers                                                      ; On                 ; On                 ;
; Ignore CARRY Buffers                                                            ; Off                ; Off                ;
; Ignore CASCADE Buffers                                                          ; Off                ; Off                ;
; Ignore GLOBAL Buffers                                                           ; Off                ; Off                ;
; Ignore ROW GLOBAL Buffers                                                       ; Off                ; Off                ;
; Ignore LCELL Buffers                                                            ; Off                ; Off                ;
; Ignore SOFT Buffers                                                             ; On                 ; On                 ;
; Limit AHDL Integers to 32 Bits                                                  ; Off                ; Off                ;
; Optimization Technique                                                          ; Balanced           ; Balanced           ;
; Carry Chain Length                                                              ; 70                 ; 70                 ;
; Auto Carry Chains                                                               ; On                 ; On                 ;
; Auto Open-Drain Pins                                                            ; On                 ; On                 ;
; Perform WYSIWYG Primitive Resynthesis                                           ; Off                ; Off                ;
; Auto ROM Replacement                                                            ; On                 ; On                 ;
; Auto RAM Replacement                                                            ; On                 ; On                 ;
; Auto DSP Block Replacement                                                      ; On                 ; On                 ;
; Auto Shift Register Replacement                                                 ; Auto               ; Auto               ;
; Allow Shift Register Merging across Hierarchies                                 ; Auto               ; Auto               ;
; Auto Clock Enable Replacement                                                   ; On                 ; On                 ;
; Strict RAM Replacement                                                          ; Off                ; Off                ;
; Allow Synchronous Control Signals                                               ; On                 ; On                 ;
; Force Use of Synchronous Clear Signals                                          ; Off                ; Off                ;
; Auto Resource Sharing                                                           ; Off                ; Off                ;
; Allow Any RAM Size For Recognition                                              ; Off                ; Off                ;
; Allow Any ROM Size For Recognition                                              ; Off                ; Off                ;
; Allow Any Shift Register Size For Recognition                                   ; Off                ; Off                ;
; Use LogicLock Constraints during Resource Balancing                             ; On                 ; On                 ;
; Ignore translate_off and synthesis_off directives                               ; Off                ; Off                ;
; Timing-Driven Synthesis                                                         ; On                 ; On                 ;
; Report Parameter Settings                                                       ; On                 ; On                 ;
; Report Source Assignments                                                       ; On                 ; On                 ;
; Report Connectivity Checks                                                      ; On                 ; On                 ;
; Ignore Maximum Fan-Out Assignments                                              ; Off                ; Off                ;
; Synchronization Register Chain Length                                           ; 3                  ; 3                  ;
; Power Optimization During Synthesis                                             ; Normal compilation ; Normal compilation ;
; HDL message level                                                               ; Level2             ; Level2             ;
; Suppress Register Optimization Related Messages                                 ; Off                ; Off                ;
; Number of Removed Registers Reported in Synthesis Report                        ; 5000               ; 5000               ;
; Number of Swept Nodes Reported in Synthesis Report                              ; 5000               ; 5000               ;
; Number of Inverted Registers Reported in Synthesis Report                       ; 100                ; 100                ;
; Clock MUX Protection                                                            ; On                 ; On                 ;
; Auto Gated Clock Conversion                                                     ; Off                ; Off                ;
; Block Design Naming                                                             ; Auto               ; Auto               ;
; SDC constraint protection                                                       ; Off                ; Off                ;
; Synthesis Effort                                                                ; Auto               ; Auto               ;
; Shift Register Replacement - Allow Asynchronous Clear Signal                    ; On                 ; On                 ;
; Pre-Mapping Resynthesis Optimization                                            ; Off                ; Off                ;
; Analysis & Synthesis Message Level                                              ; Medium             ; Medium             ;
; Disable Register Merging Across Hierarchies                                     ; Auto               ; Auto               ;
; Resource Aware Inference For Block RAM                                          ; On                 ; On                 ;
; Automatic Parallel Synthesis                                                    ; On                 ; On                 ;
; Partial Reconfiguration Bitstream ID                                            ; Off                ; Off                ;
+---------------------------------------------------------------------------------+--------------------+--------------------+


+------------------------------------------------------------------------------------------------------------------------+
; Port Connectivity Checks: "fsm:u_fsm"                                                                                  ;
+--------------+--------+----------+-------------------------------------------------------------------------------------+
; Port         ; Type   ; Severity ; Details                                                                             ;
+--------------+--------+----------+-------------------------------------------------------------------------------------+
; fsm_start    ; Output ; Info     ; Connected to dangling logic. Logic that only feeds a dangling port will be removed. ;
; black_screen ; Output ; Info     ; Connected to dangling logic. Logic that only feeds a dangling port will be removed. ;
; state_out    ; Output ; Info     ; Explicitly unconnected                                                              ;
+--------------+--------+----------+-------------------------------------------------------------------------------------+


+---------------------------------+
; Analysis & Elaboration Messages ;
+---------------------------------+
Info: *******************************************************************
Info: Running Quartus Prime Analysis & Elaboration
    Info: Version 22.1std.0 Build 915 10/25/2022 SC Lite Edition
    Info: Processing started: Tue Sep 30 18:01:39 2025
Info: Command: quartus_map --read_settings_files=on --write_settings_files=off Problema1_Lab3 -c Problema1_Lab3 --analysis_and_elaboration
Warning (18236): Number of processors has not been specified which may cause overloading on shared machines.  Set the global assignment NUM_PARALLEL_PROCESSORS in your QSF to an appropriate value for best performance.
Info (20030): Parallel compilation is enabled and will use 4 of the 4 processors detected
Info (12021): Found 1 design units, including 1 entities, in source file vga_timing_640x480.sv
    Info (12023): Found entity 1: vga_timing_640x480 File: C:/Users/ema08/OneDrive - Estudiantes ITCR/Escritorio/Taller de diseno/erojas__gfernandez_digital_design_lab_2025/Laboratorio3/vga_timing_640x480.sv Line: 4
Info (12021): Found 1 design units, including 1 entities, in source file videogen.sv
    Info (12023): Found entity 1: videoGen File: C:/Users/ema08/OneDrive - Estudiantes ITCR/Escritorio/Taller de diseno/erojas__gfernandez_digital_design_lab_2025/Laboratorio3/videoGen.sv Line: 3
Info (12021): Found 1 design units, including 1 entities, in source file top_lab3_avance.sv
    Info (12023): Found entity 1: top_lab3_avance File: C:/Users/ema08/OneDrive - Estudiantes ITCR/Escritorio/Taller de diseno/erojas__gfernandez_digital_design_lab_2025/Laboratorio3/top_lab3_avance.sv Line: 3
Info (12021): Found 1 design units, including 1 entities, in source file gen_pixclk.sv
    Info (12023): Found entity 1: gen_pixclk File: C:/Users/ema08/OneDrive - Estudiantes ITCR/Escritorio/Taller de diseno/erojas__gfernandez_digital_design_lab_2025/Laboratorio3/gen_pixclk.sv Line: 1
Info (12021): Found 1 design units, including 1 entities, in source file tick_1hz.sv
    Info (12023): Found entity 1: tick_1hz File: C:/Users/ema08/OneDrive - Estudiantes ITCR/Escritorio/Taller de diseno/erojas__gfernandez_digital_design_lab_2025/Laboratorio3/tick_1hz.sv Line: 2
Info (12021): Found 1 design units, including 1 entities, in source file counter_15s.sv
    Info (12023): Found entity 1: counter_15s File: C:/Users/ema08/OneDrive - Estudiantes ITCR/Escritorio/Taller de diseno/erojas__gfernandez_digital_design_lab_2025/Laboratorio3/counter_15s.sv Line: 4
Info (12021): Found 1 design units, including 1 entities, in source file digit_rom.sv
    Info (12023): Found entity 1: digit_rom File: C:/Users/ema08/OneDrive - Estudiantes ITCR/Escritorio/Taller de diseno/erojas__gfernandez_digital_design_lab_2025/Laboratorio3/digit_rom.sv Line: 2
Info (12021): Found 1 design units, including 1 entities, in source file hex7seg.sv
    Info (12023): Found entity 1: hex7seg File: C:/Users/ema08/OneDrive - Estudiantes ITCR/Escritorio/Taller de diseno/erojas__gfernandez_digital_design_lab_2025/Laboratorio3/hex7seg.sv Line: 4
Info (12021): Found 1 design units, including 1 entities, in source file fsm.sv
    Info (12023): Found entity 1: fsm File: C:/Users/ema08/OneDrive - Estudiantes ITCR/Escritorio/Taller de diseno/erojas__gfernandez_digital_design_lab_2025/Laboratorio3/fsm.sv Line: 2
Info (12021): Found 1 design units, including 1 entities, in source file fsm_tb.sv
    Info (12023): Found entity 1: fsm_tb File: C:/Users/ema08/OneDrive - Estudiantes ITCR/Escritorio/Taller de diseno/erojas__gfernandez_digital_design_lab_2025/Laboratorio3/fsm_tb.sv Line: 3
Warning (10222): Verilog HDL Parameter Declaration warning at tick_1hz.sv(9): Parameter Declaration in module "tick_1hz" behaves as a Local Parameter Declaration because the module has a Module Parameter Port List File: C:/Users/ema08/OneDrive - Estudiantes ITCR/Escritorio/Taller de diseno/erojas__gfernandez_digital_design_lab_2025/Laboratorio3/tick_1hz.sv Line: 9
Info (12127): Elaborating entity "top_lab3_avance" for the top level hierarchy
Info (12128): Elaborating entity "gen_pixclk" for hierarchy "gen_pixclk:u_pix" File: C:/Users/ema08/OneDrive - Estudiantes ITCR/Escritorio/Taller de diseno/erojas__gfernandez_digital_design_lab_2025/Laboratorio3/top_lab3_avance.sv Line: 32
Info (12128): Elaborating entity "vga_timing_640x480" for hierarchy "vga_timing_640x480:u_ctrl" File: C:/Users/ema08/OneDrive - Estudiantes ITCR/Escritorio/Taller de diseno/erojas__gfernandez_digital_design_lab_2025/Laboratorio3/top_lab3_avance.sv Line: 49
Info (12128): Elaborating entity "tick_1hz" for hierarchy "tick_1hz:u_tick" File: C:/Users/ema08/OneDrive - Estudiantes ITCR/Escritorio/Taller de diseno/erojas__gfernandez_digital_design_lab_2025/Laboratorio3/top_lab3_avance.sv Line: 61
Info (12128): Elaborating entity "fsm" for hierarchy "fsm:u_fsm" File: C:/Users/ema08/OneDrive - Estudiantes ITCR/Escritorio/Taller de diseno/erojas__gfernandez_digital_design_lab_2025/Laboratorio3/top_lab3_avance.sv Line: 76
Info (12128): Elaborating entity "counter_15s" for hierarchy "counter_15s:u_cnt" File: C:/Users/ema08/OneDrive - Estudiantes ITCR/Escritorio/Taller de diseno/erojas__gfernandez_digital_design_lab_2025/Laboratorio3/top_lab3_avance.sv Line: 89
Warning (10230): Verilog HDL assignment warning at counter_15s.sv(25): truncated value with size 32 to match size of target (5) File: C:/Users/ema08/OneDrive - Estudiantes ITCR/Escritorio/Taller de diseno/erojas__gfernandez_digital_design_lab_2025/Laboratorio3/counter_15s.sv Line: 25
Warning (10230): Verilog HDL assignment warning at counter_15s.sv(36): truncated value with size 32 to match size of target (4) File: C:/Users/ema08/OneDrive - Estudiantes ITCR/Escritorio/Taller de diseno/erojas__gfernandez_digital_design_lab_2025/Laboratorio3/counter_15s.sv Line: 36
Warning (10230): Verilog HDL assignment warning at counter_15s.sv(37): truncated value with size 32 to match size of target (4) File: C:/Users/ema08/OneDrive - Estudiantes ITCR/Escritorio/Taller de diseno/erojas__gfernandez_digital_design_lab_2025/Laboratorio3/counter_15s.sv Line: 37
Info (12128): Elaborating entity "videoGen" for hierarchy "videoGen:u_vid" File: C:/Users/ema08/OneDrive - Estudiantes ITCR/Escritorio/Taller de diseno/erojas__gfernandez_digital_design_lab_2025/Laboratorio3/top_lab3_avance.sv Line: 100
Warning (10036): Verilog HDL or VHDL warning at videoGen.sv(29): object "col" assigned a value but never read File: C:/Users/ema08/OneDrive - Estudiantes ITCR/Escritorio/Taller de diseno/erojas__gfernandez_digital_design_lab_2025/Laboratorio3/videoGen.sv Line: 29
Warning (10036): Verilog HDL or VHDL warning at videoGen.sv(29): object "row" assigned a value but never read File: C:/Users/ema08/OneDrive - Estudiantes ITCR/Escritorio/Taller de diseno/erojas__gfernandez_digital_design_lab_2025/Laboratorio3/videoGen.sv Line: 29
Warning (10230): Verilog HDL assignment warning at videoGen.sv(49): truncated value with size 32 to match size of target (10) File: C:/Users/ema08/OneDrive - Estudiantes ITCR/Escritorio/Taller de diseno/erojas__gfernandez_digital_design_lab_2025/Laboratorio3/videoGen.sv Line: 49
Warning (10230): Verilog HDL assignment warning at videoGen.sv(50): truncated value with size 32 to match size of target (10) File: C:/Users/ema08/OneDrive - Estudiantes ITCR/Escritorio/Taller de diseno/erojas__gfernandez_digital_design_lab_2025/Laboratorio3/videoGen.sv Line: 50
Warning (10230): Verilog HDL assignment warning at videoGen.sv(55): truncated value with size 32 to match size of target (4) File: C:/Users/ema08/OneDrive - Estudiantes ITCR/Escritorio/Taller de diseno/erojas__gfernandez_digital_design_lab_2025/Laboratorio3/videoGen.sv Line: 55
Warning (10230): Verilog HDL assignment warning at videoGen.sv(56): truncated value with size 32 to match size of target (4) File: C:/Users/ema08/OneDrive - Estudiantes ITCR/Escritorio/Taller de diseno/erojas__gfernandez_digital_design_lab_2025/Laboratorio3/videoGen.sv Line: 56
Warning (10230): Verilog HDL assignment warning at videoGen.sv(58): truncated value with size 32 to match size of target (10) File: C:/Users/ema08/OneDrive - Estudiantes ITCR/Escritorio/Taller de diseno/erojas__gfernandez_digital_design_lab_2025/Laboratorio3/videoGen.sv Line: 58
Warning (10230): Verilog HDL assignment warning at videoGen.sv(59): truncated value with size 32 to match size of target (10) File: C:/Users/ema08/OneDrive - Estudiantes ITCR/Escritorio/Taller de diseno/erojas__gfernandez_digital_design_lab_2025/Laboratorio3/videoGen.sv Line: 59
Info (12128): Elaborating entity "hex7seg" for hierarchy "hex7seg:u_hex_units" File: C:/Users/ema08/OneDrive - Estudiantes ITCR/Escritorio/Taller de diseno/erojas__gfernandez_digital_design_lab_2025/Laboratorio3/top_lab3_avance.sv Line: 106
Info: Quartus Prime Analysis & Elaboration was successful. 0 errors, 13 warnings
    Info: Peak virtual memory: 4791 megabytes
    Info: Processing ended: Tue Sep 30 18:01:53 2025
    Info: Elapsed time: 00:00:14
    Info: Total CPU time (on all processors): 00:00:36


