------------------------------------------------------------
Timing Analyzer Summary
------------------------------------------------------------

Type  : Slow 1100mV 85C Model Setup 'clk'
Slack : -0.489
TNS   : -1.619

Type  : Slow 1100mV 85C Model Hold 'clk'
Slack : 0.239
TNS   : 0.000

Type  : Slow 1100mV 85C Model Minimum Pulse Width 'clk'
Slack : -0.394
TNS   : -4.218

Type  : Slow 1100mV 0C Model Setup 'clk'
Slack : -0.518
TNS   : -1.799

Type  : Slow 1100mV 0C Model Hold 'clk'
Slack : 0.223
TNS   : 0.000

Type  : Slow 1100mV 0C Model Minimum Pulse Width 'clk'
Slack : -0.394
TNS   : -3.861

Type  : Fast 1100mV 85C Model Setup 'clk'
Slack : 0.161
TNS   : 0.000

Type  : Fast 1100mV 85C Model Hold 'clk'
Slack : 0.148
TNS   : 0.000

Type  : Fast 1100mV 85C Model Minimum Pulse Width 'clk'
Slack : -0.342
TNS   : -2.243

Type  : Fast 1100mV 0C Model Setup 'clk'
Slack : 0.199
TNS   : 0.000

Type  : Fast 1100mV 0C Model Hold 'clk'
Slack : 0.132
TNS   : 0.000

Type  : Fast 1100mV 0C Model Minimum Pulse Width 'clk'
Slack : -0.322
TNS   : -2.104

------------------------------------------------------------
