Analysis & Elaboration report for Problema1
Wed Sep 10 01:37:50 2025
Quartus Prime Version 22.1std.0 Build 915 10/25/2022 SC Lite Edition


---------------------
; Table of Contents ;
---------------------
  1. Legal Notice
  2. Analysis & Elaboration Summary
  3. Parallel Compilation
  4. Parameter Settings for User Entity Instance: ALU:alu_i
  5. Parameter Settings for User Entity Instance: ALU:alu_i|addsub:u_add
  6. Parameter Settings for User Entity Instance: ALU:alu_i|addsub:u_sub
  7. Parameter Settings for User Entity Instance: ALU:alu_i|mul4x4:u_mul|addsub:add1
  8. Parameter Settings for User Entity Instance: ALU:alu_i|mul4x4:u_mul|addsub:add2
  9. Parameter Settings for User Entity Instance: ALU:alu_i|mul4x4:u_mul|addsub:add3
 10. Analysis & Elaboration Settings
 11. Port Connectivity Checks: "ALU:alu_i|mul4x4:u_mul|addsub:add3"
 12. Port Connectivity Checks: "ALU:alu_i|mul4x4:u_mul|addsub:add2"
 13. Port Connectivity Checks: "ALU:alu_i|mul4x4:u_mul|addsub:add1"
 14. Port Connectivity Checks: "ALU:alu_i|addsub:u_sub"
 15. Port Connectivity Checks: "ALU:alu_i|addsub:u_add"
 16. Analysis & Elaboration Messages



----------------
; Legal Notice ;
----------------
Copyright (C) 2022  Intel Corporation. All rights reserved.
Your use of Intel Corporation's design tools, logic functions 
and other software and tools, and any partner logic 
functions, and any output files from any of the foregoing 
(including device programming or simulation files), and any 
associated documentation or information are expressly subject 
to the terms and conditions of the Intel Program License 
Subscription Agreement, the Intel Quartus Prime License Agreement,
the Intel FPGA IP License Agreement, or other applicable license
agreement, including, without limitation, that your use is for
the sole purpose of programming logic devices manufactured by
Intel and sold by Intel or its authorized distributors.  Please
refer to the applicable agreement for further details, at
https://fpgasoftware.intel.com/eula.



+--------------------------------------------------------------------------------+
; Analysis & Elaboration Summary                                                 ;
+-------------------------------+------------------------------------------------+
; Analysis & Elaboration Status ; Successful - Wed Sep 10 01:37:50 2025          ;
; Quartus Prime Version         ; 22.1std.0 Build 915 10/25/2022 SC Lite Edition ;
; Revision Name                 ; Problema1                                      ;
; Top-level Entity Name         ; top_level                                      ;
; Family                        ; Cyclone V                                      ;
; Logic utilization (in ALMs)   ; N/A until Partition Merge                      ;
; Total registers               ; N/A until Partition Merge                      ;
; Total pins                    ; N/A until Partition Merge                      ;
; Total virtual pins            ; N/A until Partition Merge                      ;
; Total block memory bits       ; N/A until Partition Merge                      ;
; Total PLLs                    ; N/A until Partition Merge                      ;
; Total DLLs                    ; N/A until Partition Merge                      ;
+-------------------------------+------------------------------------------------+


+------------------------------------------+
; Parallel Compilation                     ;
+----------------------------+-------------+
; Processors                 ; Number      ;
+----------------------------+-------------+
; Number detected on machine ; 8           ;
; Maximum allowed            ; 4           ;
;                            ;             ;
; Average used               ; 1.00        ;
; Maximum used               ; 1           ;
;                            ;             ;
; Usage by Processor         ; % Time Used ;
;     Processor 1            ; 100.0%      ;
+----------------------------+-------------+


+--------------------------------------------------------+
; Parameter Settings for User Entity Instance: ALU:alu_i ;
+----------------+-------+-------------------------------+
; Parameter Name ; Value ; Type                          ;
+----------------+-------+-------------------------------+
; N              ; 4     ; Signed Integer                ;
+----------------+-------+-------------------------------+
Note: In order to hide this table in the UI and the text report file, please set the "Show Parameter Settings in Synthesis Report" option in "Analysis and Synthesis Settings -> More Settings" to "Off".


+---------------------------------------------------------------------+
; Parameter Settings for User Entity Instance: ALU:alu_i|addsub:u_add ;
+----------------+-------+--------------------------------------------+
; Parameter Name ; Value ; Type                                       ;
+----------------+-------+--------------------------------------------+
; N              ; 4     ; Signed Integer                             ;
+----------------+-------+--------------------------------------------+
Note: In order to hide this table in the UI and the text report file, please set the "Show Parameter Settings in Synthesis Report" option in "Analysis and Synthesis Settings -> More Settings" to "Off".


+---------------------------------------------------------------------+
; Parameter Settings for User Entity Instance: ALU:alu_i|addsub:u_sub ;
+----------------+-------+--------------------------------------------+
; Parameter Name ; Value ; Type                                       ;
+----------------+-------+--------------------------------------------+
; N              ; 4     ; Signed Integer                             ;
+----------------+-------+--------------------------------------------+
Note: In order to hide this table in the UI and the text report file, please set the "Show Parameter Settings in Synthesis Report" option in "Analysis and Synthesis Settings -> More Settings" to "Off".


+---------------------------------------------------------------------------------+
; Parameter Settings for User Entity Instance: ALU:alu_i|mul4x4:u_mul|addsub:add1 ;
+----------------+-------+--------------------------------------------------------+
; Parameter Name ; Value ; Type                                                   ;
+----------------+-------+--------------------------------------------------------+
; N              ; 5     ; Signed Integer                                         ;
+----------------+-------+--------------------------------------------------------+
Note: In order to hide this table in the UI and the text report file, please set the "Show Parameter Settings in Synthesis Report" option in "Analysis and Synthesis Settings -> More Settings" to "Off".


+---------------------------------------------------------------------------------+
; Parameter Settings for User Entity Instance: ALU:alu_i|mul4x4:u_mul|addsub:add2 ;
+----------------+-------+--------------------------------------------------------+
; Parameter Name ; Value ; Type                                                   ;
+----------------+-------+--------------------------------------------------------+
; N              ; 6     ; Signed Integer                                         ;
+----------------+-------+--------------------------------------------------------+
Note: In order to hide this table in the UI and the text report file, please set the "Show Parameter Settings in Synthesis Report" option in "Analysis and Synthesis Settings -> More Settings" to "Off".


+---------------------------------------------------------------------------------+
; Parameter Settings for User Entity Instance: ALU:alu_i|mul4x4:u_mul|addsub:add3 ;
+----------------+-------+--------------------------------------------------------+
; Parameter Name ; Value ; Type                                                   ;
+----------------+-------+--------------------------------------------------------+
; N              ; 7     ; Signed Integer                                         ;
+----------------+-------+--------------------------------------------------------+
Note: In order to hide this table in the UI and the text report file, please set the "Show Parameter Settings in Synthesis Report" option in "Analysis and Synthesis Settings -> More Settings" to "Off".


+---------------------------------------------------------------------------------------------------------------------------+
; Analysis & Elaboration Settings                                                                                           ;
+---------------------------------------------------------------------------------+--------------------+--------------------+
; Option                                                                          ; Setting            ; Default Value      ;
+---------------------------------------------------------------------------------+--------------------+--------------------+
; Device                                                                          ; 5CSXFC6D6F31C6     ;                    ;
; Top-level entity name                                                           ; top_level          ; Problema1          ;
; Family name                                                                     ; Cyclone V          ; Cyclone V          ;
; Use smart compilation                                                           ; Off                ; Off                ;
; Enable parallel Assembler and Timing Analyzer during compilation                ; On                 ; On                 ;
; Enable compact report table                                                     ; Off                ; Off                ;
; Restructure Multiplexers                                                        ; Auto               ; Auto               ;
; MLAB Add Timing Constraints For Mixed-Port Feed-Through Mode Setting Don't Care ; Off                ; Off                ;
; Create Debugging Nodes for IP Cores                                             ; Off                ; Off                ;
; Preserve fewer node names                                                       ; On                 ; On                 ;
; Intel FPGA IP Evaluation Mode                                                   ; Enable             ; Enable             ;
; Verilog Version                                                                 ; Verilog_2001       ; Verilog_2001       ;
; VHDL Version                                                                    ; VHDL_1993          ; VHDL_1993          ;
; State Machine Processing                                                        ; Auto               ; Auto               ;
; Safe State Machine                                                              ; Off                ; Off                ;
; Extract Verilog State Machines                                                  ; On                 ; On                 ;
; Extract VHDL State Machines                                                     ; On                 ; On                 ;
; Ignore Verilog initial constructs                                               ; Off                ; Off                ;
; Iteration limit for constant Verilog loops                                      ; 5000               ; 5000               ;
; Iteration limit for non-constant Verilog loops                                  ; 250                ; 250                ;
; Add Pass-Through Logic to Inferred RAMs                                         ; On                 ; On                 ;
; Infer RAMs from Raw Logic                                                       ; On                 ; On                 ;
; Parallel Synthesis                                                              ; On                 ; On                 ;
; DSP Block Balancing                                                             ; Auto               ; Auto               ;
; NOT Gate Push-Back                                                              ; On                 ; On                 ;
; Power-Up Don't Care                                                             ; On                 ; On                 ;
; Remove Redundant Logic Cells                                                    ; Off                ; Off                ;
; Remove Duplicate Registers                                                      ; On                 ; On                 ;
; Ignore CARRY Buffers                                                            ; Off                ; Off                ;
; Ignore CASCADE Buffers                                                          ; Off                ; Off                ;
; Ignore GLOBAL Buffers                                                           ; Off                ; Off                ;
; Ignore ROW GLOBAL Buffers                                                       ; Off                ; Off                ;
; Ignore LCELL Buffers                                                            ; Off                ; Off                ;
; Ignore SOFT Buffers                                                             ; On                 ; On                 ;
; Limit AHDL Integers to 32 Bits                                                  ; Off                ; Off                ;
; Optimization Technique                                                          ; Balanced           ; Balanced           ;
; Carry Chain Length                                                              ; 70                 ; 70                 ;
; Auto Carry Chains                                                               ; On                 ; On                 ;
; Auto Open-Drain Pins                                                            ; On                 ; On                 ;
; Perform WYSIWYG Primitive Resynthesis                                           ; Off                ; Off                ;
; Auto ROM Replacement                                                            ; On                 ; On                 ;
; Auto RAM Replacement                                                            ; On                 ; On                 ;
; Auto DSP Block Replacement                                                      ; On                 ; On                 ;
; Auto Shift Register Replacement                                                 ; Auto               ; Auto               ;
; Allow Shift Register Merging across Hierarchies                                 ; Auto               ; Auto               ;
; Auto Clock Enable Replacement                                                   ; On                 ; On                 ;
; Strict RAM Replacement                                                          ; Off                ; Off                ;
; Allow Synchronous Control Signals                                               ; On                 ; On                 ;
; Force Use of Synchronous Clear Signals                                          ; Off                ; Off                ;
; Auto Resource Sharing                                                           ; Off                ; Off                ;
; Allow Any RAM Size For Recognition                                              ; Off                ; Off                ;
; Allow Any ROM Size For Recognition                                              ; Off                ; Off                ;
; Allow Any Shift Register Size For Recognition                                   ; Off                ; Off                ;
; Use LogicLock Constraints during Resource Balancing                             ; On                 ; On                 ;
; Ignore translate_off and synthesis_off directives                               ; Off                ; Off                ;
; Timing-Driven Synthesis                                                         ; On                 ; On                 ;
; Report Parameter Settings                                                       ; On                 ; On                 ;
; Report Source Assignments                                                       ; On                 ; On                 ;
; Report Connectivity Checks                                                      ; On                 ; On                 ;
; Ignore Maximum Fan-Out Assignments                                              ; Off                ; Off                ;
; Synchronization Register Chain Length                                           ; 3                  ; 3                  ;
; Power Optimization During Synthesis                                             ; Normal compilation ; Normal compilation ;
; HDL message level                                                               ; Level2             ; Level2             ;
; Suppress Register Optimization Related Messages                                 ; Off                ; Off                ;
; Number of Removed Registers Reported in Synthesis Report                        ; 5000               ; 5000               ;
; Number of Swept Nodes Reported in Synthesis Report                              ; 5000               ; 5000               ;
; Number of Inverted Registers Reported in Synthesis Report                       ; 100                ; 100                ;
; Clock MUX Protection                                                            ; On                 ; On                 ;
; Auto Gated Clock Conversion                                                     ; Off                ; Off                ;
; Block Design Naming                                                             ; Auto               ; Auto               ;
; SDC constraint protection                                                       ; Off                ; Off                ;
; Synthesis Effort                                                                ; Auto               ; Auto               ;
; Shift Register Replacement - Allow Asynchronous Clear Signal                    ; On                 ; On                 ;
; Pre-Mapping Resynthesis Optimization                                            ; Off                ; Off                ;
; Analysis & Synthesis Message Level                                              ; Medium             ; Medium             ;
; Disable Register Merging Across Hierarchies                                     ; Auto               ; Auto               ;
; Resource Aware Inference For Block RAM                                          ; On                 ; On                 ;
; Automatic Parallel Synthesis                                                    ; On                 ; On                 ;
; Partial Reconfiguration Bitstream ID                                            ; Off                ; Off                ;
+---------------------------------------------------------------------------------+--------------------+--------------------+


+----------------------------------------------------------------+
; Port Connectivity Checks: "ALU:alu_i|mul4x4:u_mul|addsub:add3" ;
+---------+-------+----------+-----------------------------------+
; Port    ; Type  ; Severity ; Details                           ;
+---------+-------+----------+-----------------------------------+
; A[6]    ; Input ; Info     ; Stuck at GND                      ;
; B[2..0] ; Input ; Info     ; Stuck at GND                      ;
; sub     ; Input ; Info     ; Stuck at GND                      ;
+---------+-------+----------+-----------------------------------+


+-------------------------------------------------------------------------------------------------------------------+
; Port Connectivity Checks: "ALU:alu_i|mul4x4:u_mul|addsub:add2"                                                    ;
+---------+--------+----------+-------------------------------------------------------------------------------------+
; Port    ; Type   ; Severity ; Details                                                                             ;
+---------+--------+----------+-------------------------------------------------------------------------------------+
; A[5]    ; Input  ; Info     ; Stuck at GND                                                                        ;
; B[1..0] ; Input  ; Info     ; Stuck at GND                                                                        ;
; sub     ; Input  ; Info     ; Stuck at GND                                                                        ;
; Cout    ; Output ; Info     ; Connected to dangling logic. Logic that only feeds a dangling port will be removed. ;
+---------+--------+----------+-------------------------------------------------------------------------------------+


+----------------------------------------------------------------------------------------------------------------+
; Port Connectivity Checks: "ALU:alu_i|mul4x4:u_mul|addsub:add1"                                                 ;
+------+--------+----------+-------------------------------------------------------------------------------------+
; Port ; Type   ; Severity ; Details                                                                             ;
+------+--------+----------+-------------------------------------------------------------------------------------+
; A[4] ; Input  ; Info     ; Stuck at GND                                                                        ;
; B[0] ; Input  ; Info     ; Stuck at GND                                                                        ;
; sub  ; Input  ; Info     ; Stuck at GND                                                                        ;
; Cout ; Output ; Info     ; Connected to dangling logic. Logic that only feeds a dangling port will be removed. ;
+------+--------+----------+-------------------------------------------------------------------------------------+


+----------------------------------------------------+
; Port Connectivity Checks: "ALU:alu_i|addsub:u_sub" ;
+------+-------+----------+--------------------------+
; Port ; Type  ; Severity ; Details                  ;
+------+-------+----------+--------------------------+
; sub  ; Input ; Info     ; Stuck at VCC             ;
+------+-------+----------+--------------------------+


+----------------------------------------------------+
; Port Connectivity Checks: "ALU:alu_i|addsub:u_add" ;
+------+-------+----------+--------------------------+
; Port ; Type  ; Severity ; Details                  ;
+------+-------+----------+--------------------------+
; sub  ; Input ; Info     ; Stuck at GND             ;
+------+-------+----------+--------------------------+


+---------------------------------+
; Analysis & Elaboration Messages ;
+---------------------------------+
Info: *******************************************************************
Info: Running Quartus Prime Analysis & Elaboration
    Info: Version 22.1std.0 Build 915 10/25/2022 SC Lite Edition
    Info: Processing started: Wed Sep 10 01:37:29 2025
Info: Command: quartus_map --read_settings_files=on --write_settings_files=off Problema1 -c Problema1 --analysis_and_elaboration
Warning (18236): Number of processors has not been specified which may cause overloading on shared machines.  Set the global assignment NUM_PARALLEL_PROCESSORS in your QSF to an appropriate value for best performance.
Info (20030): Parallel compilation is enabled and will use 4 of the 4 processors detected
Info (12021): Found 1 design units, including 1 entities, in source file fa.sv
    Info (12023): Found entity 1: fa File: C:/Users/fabia/Desktop/erojas__gfernandez_digital_design_lab_2025/Laboratorio2/Problema1/fa.sv Line: 6
Info (12021): Found 1 design units, including 1 entities, in source file addsub.sv
    Info (12023): Found entity 1: addsub File: C:/Users/fabia/Desktop/erojas__gfernandez_digital_design_lab_2025/Laboratorio2/Problema1/addsub.sv Line: 3
Info (12021): Found 1 design units, including 1 entities, in source file mul4x4.sv
    Info (12023): Found entity 1: mul4x4 File: C:/Users/fabia/Desktop/erojas__gfernandez_digital_design_lab_2025/Laboratorio2/Problema1/mul4x4.sv Line: 4
Info (12021): Found 1 design units, including 1 entities, in source file alu.sv
    Info (12023): Found entity 1: ALU File: C:/Users/fabia/Desktop/erojas__gfernandez_digital_design_lab_2025/Laboratorio2/Problema1/alu.sv Line: 1
Info (12021): Found 1 design units, including 1 entities, in source file tb_alu.sv
    Info (12023): Found entity 1: tb_alu File: C:/Users/fabia/Desktop/erojas__gfernandez_digital_design_lab_2025/Laboratorio2/Problema1/tb_alu.sv Line: 12
Info (12021): Found 1 design units, including 1 entities, in source file top_level.sv
    Info (12023): Found entity 1: top_level File: C:/Users/fabia/Desktop/erojas__gfernandez_digital_design_lab_2025/Laboratorio2/Problema1/top_level.sv Line: 1
Info (12021): Found 1 design units, including 1 entities, in source file alu_stage.sv
    Info (12023): Found entity 1: alu_stage File: C:/Users/fabia/Desktop/erojas__gfernandez_digital_design_lab_2025/Laboratorio2/Problema1/alu_stage.sv Line: 4
Info (12127): Elaborating entity "top_level" for the top level hierarchy
Info (12128): Elaborating entity "ALU" for hierarchy "ALU:alu_i" File: C:/Users/fabia/Desktop/erojas__gfernandez_digital_design_lab_2025/Laboratorio2/Problema1/top_level.sv Line: 25
Info (12128): Elaborating entity "addsub" for hierarchy "ALU:alu_i|addsub:u_add" File: C:/Users/fabia/Desktop/erojas__gfernandez_digital_design_lab_2025/Laboratorio2/Problema1/alu.sv Line: 10
Info (12128): Elaborating entity "fa" for hierarchy "ALU:alu_i|addsub:u_add|fa:G[0].u_fa" File: C:/Users/fabia/Desktop/erojas__gfernandez_digital_design_lab_2025/Laboratorio2/Problema1/addsub.sv Line: 18
Info (12128): Elaborating entity "mul4x4" for hierarchy "ALU:alu_i|mul4x4:u_mul" File: C:/Users/fabia/Desktop/erojas__gfernandez_digital_design_lab_2025/Laboratorio2/Problema1/alu.sv Line: 15
Info (12128): Elaborating entity "addsub" for hierarchy "ALU:alu_i|mul4x4:u_mul|addsub:add1" File: C:/Users/fabia/Desktop/erojas__gfernandez_digital_design_lab_2025/Laboratorio2/Problema1/mul4x4.sv Line: 23
Info (12128): Elaborating entity "addsub" for hierarchy "ALU:alu_i|mul4x4:u_mul|addsub:add2" File: C:/Users/fabia/Desktop/erojas__gfernandez_digital_design_lab_2025/Laboratorio2/Problema1/mul4x4.sv Line: 32
Info (12128): Elaborating entity "addsub" for hierarchy "ALU:alu_i|mul4x4:u_mul|addsub:add3" File: C:/Users/fabia/Desktop/erojas__gfernandez_digital_design_lab_2025/Laboratorio2/Problema1/mul4x4.sv Line: 41
Info: Quartus Prime Analysis & Elaboration was successful. 0 errors, 1 warning
    Info: Peak virtual memory: 4791 megabytes
    Info: Processing ended: Wed Sep 10 01:37:50 2025
    Info: Elapsed time: 00:00:21
    Info: Total CPU time (on all processors): 00:00:24


